// Jest Snapshot v1, https://goo.gl/fbAQLP

exports[`Create migration command should create new migration file 1`] = `
"import {MigrationBag} from '@elasticsearch-heaven/migrations'

export async function up(bag: MigrationBag) {}

export async function down(bag: MigrationBag) {}"
`;
